MPLINK 4.49, Linker
Linker Map File - Created Fri Feb 19 17:43:06 2021

                                 Section Info
                  Section       Type    Address   Location Size(Bytes)
                ---------  ---------  ---------  ---------  ---------
                   .org_0       code   0x000000    program   0x000000
                   .org_1       code   0x000000    program   0x000060
.config_300000_AUTOMOVIL.O       code   0x300000    program   0x000002
.config_300002_AUTOMOVIL.O       code   0x300002    program   0x000002



                              Program Memory Usage 
                               Start         End      
                           ---------   ---------      
                            0x000000    0x00005f      
                            0x300000    0x300003      
            100 out of 16402 program addresses used, program memory utilization is 0%



                              Symbols - Sorted by Name
                     Name    Address   Location    Storage File                     
                ---------  ---------  ---------  --------- ---------                
                      D3S   0x000046    program     static C:\Users\Orlando\Desktop\4to Semeste mpf\Modulo\4.- Microcontroladores Correa\Automovil\Automovil.asm
                   INICIO   0x000006    program     static C:\Users\Orlando\Desktop\4to Semeste mpf\Modulo\4.- Microcontroladores Correa\Automovil\Automovil.asm
                       L1   0x000052    program     static C:\Users\Orlando\Desktop\4to Semeste mpf\Modulo\4.- Microcontroladores Correa\Automovil\Automovil.asm
                       L2   0x00004e    program     static C:\Users\Orlando\Desktop\4to Semeste mpf\Modulo\4.- Microcontroladores Correa\Automovil\Automovil.asm
                       L3   0x00004a    program     static C:\Users\Orlando\Desktop\4to Semeste mpf\Modulo\4.- Microcontroladores Correa\Automovil\Automovil.asm
                       SO   0x000040    program     static C:\Users\Orlando\Desktop\4to Semeste mpf\Modulo\4.- Microcontroladores Correa\Automovil\Automovil.asm



                              Symbols - Sorted by Address
                     Name    Address   Location    Storage File                     
                ---------  ---------  ---------  --------- ---------                
                   INICIO   0x000006    program     static C:\Users\Orlando\Desktop\4to Semeste mpf\Modulo\4.- Microcontroladores Correa\Automovil\Automovil.asm
                       SO   0x000040    program     static C:\Users\Orlando\Desktop\4to Semeste mpf\Modulo\4.- Microcontroladores Correa\Automovil\Automovil.asm
                      D3S   0x000046    program     static C:\Users\Orlando\Desktop\4to Semeste mpf\Modulo\4.- Microcontroladores Correa\Automovil\Automovil.asm
                       L3   0x00004a    program     static C:\Users\Orlando\Desktop\4to Semeste mpf\Modulo\4.- Microcontroladores Correa\Automovil\Automovil.asm
                       L2   0x00004e    program     static C:\Users\Orlando\Desktop\4to Semeste mpf\Modulo\4.- Microcontroladores Correa\Automovil\Automovil.asm
                       L1   0x000052    program     static C:\Users\Orlando\Desktop\4to Semeste mpf\Modulo\4.- Microcontroladores Correa\Automovil\Automovil.asm


