MPLINK 4.49, Linker
Linker Map File - Created Fri Feb 26 02:49:34 2021

                                 Section Info
                  Section       Type    Address   Location Size(Bytes)
                ---------  ---------  ---------  ---------  ---------
                   .org_0       code   0x000000    program   0x000000
                   .org_1       code   0x000000    program   0x00003e
.config_300000_DISPLAY09.O       code   0x300000    program   0x000002
.config_300002_DISPLAY09.O       code   0x300002    program   0x000002



                              Program Memory Usage 
                               Start         End      
                           ---------   ---------      
                            0x000000    0x00003d      
                            0x300000    0x300003      
            66 out of 16402 program addresses used, program memory utilization is 0%



                              Symbols - Sorted by Name
                     Name    Address   Location    Storage File                     
                ---------  ---------  ---------  --------- ---------                
                      D1S   0x000024    program     static C:\Users\Orlando\Desktop\4to Semeste mpf\Modulo\4.- Microcontroladores Correa\Act 4.- Display de 0 a 9\Display09.asm
                      INC   0x00000a    program     static C:\Users\Orlando\Desktop\4to Semeste mpf\Modulo\4.- Microcontroladores Correa\Act 4.- Display de 0 a 9\Display09.asm
                   INICIO   0x000006    program     static C:\Users\Orlando\Desktop\4to Semeste mpf\Modulo\4.- Microcontroladores Correa\Act 4.- Display de 0 a 9\Display09.asm
                       L1   0x000030    program     static C:\Users\Orlando\Desktop\4to Semeste mpf\Modulo\4.- Microcontroladores Correa\Act 4.- Display de 0 a 9\Display09.asm
                       L2   0x00002c    program     static C:\Users\Orlando\Desktop\4to Semeste mpf\Modulo\4.- Microcontroladores Correa\Act 4.- Display de 0 a 9\Display09.asm
                       L3   0x000028    program     static C:\Users\Orlando\Desktop\4to Semeste mpf\Modulo\4.- Microcontroladores Correa\Act 4.- Display de 0 a 9\Display09.asm
                       S1   0x00001a    program     static C:\Users\Orlando\Desktop\4to Semeste mpf\Modulo\4.- Microcontroladores Correa\Act 4.- Display de 0 a 9\Display09.asm
              SET_OUTPUTS   0x00001e    program     static C:\Users\Orlando\Desktop\4to Semeste mpf\Modulo\4.- Microcontroladores Correa\Act 4.- Display de 0 a 9\Display09.asm



                              Symbols - Sorted by Address
                     Name    Address   Location    Storage File                     
                ---------  ---------  ---------  --------- ---------                
                   INICIO   0x000006    program     static C:\Users\Orlando\Desktop\4to Semeste mpf\Modulo\4.- Microcontroladores Correa\Act 4.- Display de 0 a 9\Display09.asm
                      INC   0x00000a    program     static C:\Users\Orlando\Desktop\4to Semeste mpf\Modulo\4.- Microcontroladores Correa\Act 4.- Display de 0 a 9\Display09.asm
                       S1   0x00001a    program     static C:\Users\Orlando\Desktop\4to Semeste mpf\Modulo\4.- Microcontroladores Correa\Act 4.- Display de 0 a 9\Display09.asm
              SET_OUTPUTS   0x00001e    program     static C:\Users\Orlando\Desktop\4to Semeste mpf\Modulo\4.- Microcontroladores Correa\Act 4.- Display de 0 a 9\Display09.asm
                      D1S   0x000024    program     static C:\Users\Orlando\Desktop\4to Semeste mpf\Modulo\4.- Microcontroladores Correa\Act 4.- Display de 0 a 9\Display09.asm
                       L3   0x000028    program     static C:\Users\Orlando\Desktop\4to Semeste mpf\Modulo\4.- Microcontroladores Correa\Act 4.- Display de 0 a 9\Display09.asm
                       L2   0x00002c    program     static C:\Users\Orlando\Desktop\4to Semeste mpf\Modulo\4.- Microcontroladores Correa\Act 4.- Display de 0 a 9\Display09.asm
                       L1   0x000030    program     static C:\Users\Orlando\Desktop\4to Semeste mpf\Modulo\4.- Microcontroladores Correa\Act 4.- Display de 0 a 9\Display09.asm


