Component: Arm Compiler for Embedded 6.22 Tool: armlink [5ee90200]

==============================================================================

Section Cross References

    config.o(juve3dstudio) refers to 1uart.o(juve3dstudio) for UART
    1uart.o(juve3dstudio) refers to 2ieee.o(juve3dstudio) for SEGUNDOVALOR
    1uart.o(juve3dstudio) refers to 1uart.o(myData) for ENTERO
    2ieee.o(juve3dstudio) refers to 1uart.o(juve3dstudio) for UART
    2ieee.o(juve3dstudio) refers to 3alu.o(myCode) for ALU
    3alu.o(myData) refers (Special) to 1uart.o(juve3dstudio) for UART
    3alu.o(myCode) refers (Special) to 1uart.o(juve3dstudio) for UART
    3alu.o(myCode) refers to 4intgout.o(juve3dstudio) for OUT
    4intgout.o(juve3dstudio) refers to 1uart.o(juve3dstudio) for UART
    startup_stm32f411xe.o(STACK) refers (Special) to heapauxi.o(.text) for __use_two_region_memory
    startup_stm32f411xe.o(HEAP) refers (Special) to heapauxi.o(.text) for __use_two_region_memory
    startup_stm32f411xe.o(RESET) refers (Special) to heapauxi.o(.text) for __use_two_region_memory
    startup_stm32f411xe.o(RESET) refers to startup_stm32f411xe.o(STACK) for __initial_sp
    startup_stm32f411xe.o(RESET) refers to startup_stm32f411xe.o(.text) for Reset_Handler
    startup_stm32f411xe.o(.text) refers (Special) to heapauxi.o(.text) for __use_two_region_memory
    startup_stm32f411xe.o(.text) refers to system_stm32f4xx.o(.text.SystemInit) for SystemInit
    startup_stm32f411xe.o(.text) refers to config.o(juve3dstudio) for __main
    startup_stm32f411xe.o(.text) refers to startup_stm32f411xe.o(HEAP) for Heap_Mem
    startup_stm32f411xe.o(.text) refers to startup_stm32f411xe.o(STACK) for Stack_Mem
    system_stm32f4xx.o(.ARM.exidx.text.SystemInit) refers to system_stm32f4xx.o(.text.SystemInit) for [Anonymous Symbol]
    system_stm32f4xx.o(.text.SystemCoreClockUpdate) refers to system_stm32f4xx.o(.data.SystemCoreClock) for SystemCoreClock
    system_stm32f4xx.o(.text.SystemCoreClockUpdate) refers to system_stm32f4xx.o(.rodata.AHBPrescTable) for AHBPrescTable
    system_stm32f4xx.o(.ARM.exidx.text.SystemCoreClockUpdate) refers to system_stm32f4xx.o(.text.SystemCoreClockUpdate) for [Anonymous Symbol]


==============================================================================

Removing Unused input sections from the image.

    Removing config.o(myData), (16 bytes).
    Removing 2ieee.o(data), (0 bytes).
    Removing 3alu.o(myData), (0 bytes).
    Removing 4intgout.o(data), (0 bytes).
    Removing system_stm32f4xx.o(.text), (0 bytes).
    Removing system_stm32f4xx.o(.ARM.exidx.text.SystemInit), (8 bytes).
    Removing system_stm32f4xx.o(.text.SystemCoreClockUpdate), (302 bytes).
    Removing system_stm32f4xx.o(.ARM.exidx.text.SystemCoreClockUpdate), (8 bytes).
    Removing system_stm32f4xx.o(.data.SystemCoreClock), (4 bytes).
    Removing system_stm32f4xx.o(.rodata.AHBPrescTable), (16 bytes).
    Removing system_stm32f4xx.o(.rodata.APBPrescTable), (8 bytes).

11 unused section(s) (total 362 bytes) removed from the image.

==============================================================================

Image Symbol Table

    Local Symbols

    Symbol Name                              Value     Ov Type        Size  Object(Section)

    ../clib/heapaux.c                        0x00000000   Number         0  heapauxi.o ABSOLUTE
    1UART.s                                  0x00000000   Number         0  1uart.o ABSOLUTE
    2IEEE.s                                  0x00000000   Number         0  2ieee.o ABSOLUTE
    3ALU.s                                   0x00000000   Number         0  3alu.o ABSOLUTE
    4INTGOUT.s                               0x00000000   Number         0  4intgout.o ABSOLUTE
    RTE/Device/STM32F411CEUx/startup_stm32f411xe.s 0x00000000   Number         0  startup_stm32f411xe.o ABSOLUTE
    config.s                                 0x00000000   Number         0  config.o ABSOLUTE
    dc.s                                     0x00000000   Number         0  dc.o ABSOLUTE
    system_stm32f4xx.c                       0x00000000   Number         0  system_stm32f4xx.o ABSOLUTE
    RESET                                    0x08000000   Section      408  startup_stm32f411xe.o(RESET)
    $v0                                      0x08000198   Number         0  startup_stm32f411xe.o(.text)
    .text                                    0x08000198   Section       64  startup_stm32f411xe.o(.text)
    .text                                    0x080001d8   Section        0  heapauxi.o(.text)
    [Anonymous Symbol]                       0x080001e0   Section        0  system_stm32f4xx.o(.text.SystemInit)
    $v0                                      0x080001f4   Number         0  config.o(juve3dstudio)
    juve3dstudio                             0x080001f4   Section      204  config.o(juve3dstudio)
    $v0                                      0x080002c0   Number         0  1uart.o(juve3dstudio)
    juve3dstudio                             0x080002c0   Section      628  1uart.o(juve3dstudio)
    welcome                                  0x080004d4   Data          16  1uart.o(juve3dstudio)
    $v0                                      0x08000534   Number         0  2ieee.o(juve3dstudio)
    juve3dstudio                             0x08000534   Section      396  2ieee.o(juve3dstudio)
    $v0                                      0x080006c0   Number         0  4intgout.o(juve3dstudio)
    juve3dstudio                             0x080006c0   Section      604  4intgout.o(juve3dstudio)
    $v0                                      0x0800091c   Number         0  3alu.o(myCode)
    myCode                                   0x0800091c   Section      560  3alu.o(myCode)
    ENTERO                                   0x20000000   Data          10  1uart.o(myData)
    myData                                   0x20000000   Section       16  1uart.o(myData)
    FRAC                                     0x2000000a   Data           6  1uart.o(myData)
    Heap_Mem                                 0x20000010   Data         512  startup_stm32f411xe.o(HEAP)
    HEAP                                     0x20000010   Section      512  startup_stm32f411xe.o(HEAP)
    Stack_Mem                                0x20000210   Data        1024  startup_stm32f411xe.o(STACK)
    STACK                                    0x20000210   Section     1024  startup_stm32f411xe.o(STACK)
    __initial_sp                             0x20000610   Data           0  startup_stm32f411xe.o(STACK)

    Global Symbols

    Symbol Name                              Value     Ov Type        Size  Object(Section)

    BuildAttributes$$THM_ISAv4$E$P$D$K$B$S$7EM$VFPi3$EXTD16$VFPS$VFMA$PE$A:L22UL41UL21$X:L11$S22US41US21$IEEE1$IW$~IW$USESV6$~STKCKD$USESV7$~SHL$OSPACE$ROPI$EBA8$STANDARDLIB$REQ8$EABIv2 0x00000000   Number         0  anon$$obj.o ABSOLUTE
    __Vectors_Size                           0x00000198   Number         0  startup_stm32f411xe.o ABSOLUTE
    __Vectors                                0x08000000   Data           4  startup_stm32f411xe.o(RESET)
    Reset_Handler                            0x08000199   Thumb Code     8  startup_stm32f411xe.o(.text)
    __Vectors_End                            0x08000198   Data           0  startup_stm32f411xe.o(RESET)
    NMI_Handler                              0x080001a1   Thumb Code     2  startup_stm32f411xe.o(.text)
    HardFault_Handler                        0x080001a3   Thumb Code     2  startup_stm32f411xe.o(.text)
    MemManage_Handler                        0x080001a5   Thumb Code     2  startup_stm32f411xe.o(.text)
    BusFault_Handler                         0x080001a7   Thumb Code     2  startup_stm32f411xe.o(.text)
    UsageFault_Handler                       0x080001a9   Thumb Code     2  startup_stm32f411xe.o(.text)
    SVC_Handler                              0x080001ab   Thumb Code     2  startup_stm32f411xe.o(.text)
    DebugMon_Handler                         0x080001ad   Thumb Code     2  startup_stm32f411xe.o(.text)
    PendSV_Handler                           0x080001af   Thumb Code     2  startup_stm32f411xe.o(.text)
    SysTick_Handler                          0x080001b1   Thumb Code     2  startup_stm32f411xe.o(.text)
    ADC_IRQHandler                           0x080001b3   Thumb Code     0  startup_stm32f411xe.o(.text)
    DMA1_Stream0_IRQHandler                  0x080001b3   Thumb Code     0  startup_stm32f411xe.o(.text)
    DMA1_Stream1_IRQHandler                  0x080001b3   Thumb Code     0  startup_stm32f411xe.o(.text)
    DMA1_Stream2_IRQHandler                  0x080001b3   Thumb Code     0  startup_stm32f411xe.o(.text)
    DMA1_Stream3_IRQHandler                  0x080001b3   Thumb Code     0  startup_stm32f411xe.o(.text)
    DMA1_Stream4_IRQHandler                  0x080001b3   Thumb Code     0  startup_stm32f411xe.o(.text)
    DMA1_Stream5_IRQHandler                  0x080001b3   Thumb Code     0  startup_stm32f411xe.o(.text)
    DMA1_Stream6_IRQHandler                  0x080001b3   Thumb Code     0  startup_stm32f411xe.o(.text)
    DMA1_Stream7_IRQHandler                  0x080001b3   Thumb Code     0  startup_stm32f411xe.o(.text)
    DMA2_Stream0_IRQHandler                  0x080001b3   Thumb Code     0  startup_stm32f411xe.o(.text)
    DMA2_Stream1_IRQHandler                  0x080001b3   Thumb Code     0  startup_stm32f411xe.o(.text)
    DMA2_Stream2_IRQHandler                  0x080001b3   Thumb Code     0  startup_stm32f411xe.o(.text)
    DMA2_Stream3_IRQHandler                  0x080001b3   Thumb Code     0  startup_stm32f411xe.o(.text)
    DMA2_Stream4_IRQHandler                  0x080001b3   Thumb Code     0  startup_stm32f411xe.o(.text)
    DMA2_Stream5_IRQHandler                  0x080001b3   Thumb Code     0  startup_stm32f411xe.o(.text)
    DMA2_Stream6_IRQHandler                  0x080001b3   Thumb Code     0  startup_stm32f411xe.o(.text)
    DMA2_Stream7_IRQHandler                  0x080001b3   Thumb Code     0  startup_stm32f411xe.o(.text)
    EXTI0_IRQHandler                         0x080001b3   Thumb Code     0  startup_stm32f411xe.o(.text)
    EXTI15_10_IRQHandler                     0x080001b3   Thumb Code     0  startup_stm32f411xe.o(.text)
    EXTI1_IRQHandler                         0x080001b3   Thumb Code     0  startup_stm32f411xe.o(.text)
    EXTI2_IRQHandler                         0x080001b3   Thumb Code     0  startup_stm32f411xe.o(.text)
    EXTI3_IRQHandler                         0x080001b3   Thumb Code     0  startup_stm32f411xe.o(.text)
    EXTI4_IRQHandler                         0x080001b3   Thumb Code     0  startup_stm32f411xe.o(.text)
    EXTI9_5_IRQHandler                       0x080001b3   Thumb Code     0  startup_stm32f411xe.o(.text)
    FLASH_IRQHandler                         0x080001b3   Thumb Code     0  startup_stm32f411xe.o(.text)
    FPU_IRQHandler                           0x080001b3   Thumb Code     0  startup_stm32f411xe.o(.text)
    I2C1_ER_IRQHandler                       0x080001b3   Thumb Code     0  startup_stm32f411xe.o(.text)
    I2C1_EV_IRQHandler                       0x080001b3   Thumb Code     0  startup_stm32f411xe.o(.text)
    I2C2_ER_IRQHandler                       0x080001b3   Thumb Code     0  startup_stm32f411xe.o(.text)
    I2C2_EV_IRQHandler                       0x080001b3   Thumb Code     0  startup_stm32f411xe.o(.text)
    I2C3_ER_IRQHandler                       0x080001b3   Thumb Code     0  startup_stm32f411xe.o(.text)
    I2C3_EV_IRQHandler                       0x080001b3   Thumb Code     0  startup_stm32f411xe.o(.text)
    OTG_FS_IRQHandler                        0x080001b3   Thumb Code     0  startup_stm32f411xe.o(.text)
    OTG_FS_WKUP_IRQHandler                   0x080001b3   Thumb Code     0  startup_stm32f411xe.o(.text)
    PVD_IRQHandler                           0x080001b3   Thumb Code     0  startup_stm32f411xe.o(.text)
    RCC_IRQHandler                           0x080001b3   Thumb Code     0  startup_stm32f411xe.o(.text)
    RTC_Alarm_IRQHandler                     0x080001b3   Thumb Code     0  startup_stm32f411xe.o(.text)
    RTC_WKUP_IRQHandler                      0x080001b3   Thumb Code     0  startup_stm32f411xe.o(.text)
    SDIO_IRQHandler                          0x080001b3   Thumb Code     0  startup_stm32f411xe.o(.text)
    SPI1_IRQHandler                          0x080001b3   Thumb Code     0  startup_stm32f411xe.o(.text)
    SPI2_IRQHandler                          0x080001b3   Thumb Code     0  startup_stm32f411xe.o(.text)
    SPI3_IRQHandler                          0x080001b3   Thumb Code     0  startup_stm32f411xe.o(.text)
    SPI4_IRQHandler                          0x080001b3   Thumb Code     0  startup_stm32f411xe.o(.text)
    SPI5_IRQHandler                          0x080001b3   Thumb Code     0  startup_stm32f411xe.o(.text)
    TAMP_STAMP_IRQHandler                    0x080001b3   Thumb Code     0  startup_stm32f411xe.o(.text)
    TIM1_BRK_TIM9_IRQHandler                 0x080001b3   Thumb Code     0  startup_stm32f411xe.o(.text)
    TIM1_CC_IRQHandler                       0x080001b3   Thumb Code     0  startup_stm32f411xe.o(.text)
    TIM1_TRG_COM_TIM11_IRQHandler            0x080001b3   Thumb Code     0  startup_stm32f411xe.o(.text)
    TIM1_UP_TIM10_IRQHandler                 0x080001b3   Thumb Code     0  startup_stm32f411xe.o(.text)
    TIM2_IRQHandler                          0x080001b3   Thumb Code     0  startup_stm32f411xe.o(.text)
    TIM3_IRQHandler                          0x080001b3   Thumb Code     0  startup_stm32f411xe.o(.text)
    TIM4_IRQHandler                          0x080001b3   Thumb Code     0  startup_stm32f411xe.o(.text)
    TIM5_IRQHandler                          0x080001b3   Thumb Code     0  startup_stm32f411xe.o(.text)
    USART1_IRQHandler                        0x080001b3   Thumb Code     0  startup_stm32f411xe.o(.text)
    USART2_IRQHandler                        0x080001b3   Thumb Code     0  startup_stm32f411xe.o(.text)
    USART6_IRQHandler                        0x080001b3   Thumb Code     0  startup_stm32f411xe.o(.text)
    WWDG_IRQHandler                          0x080001b3   Thumb Code     0  startup_stm32f411xe.o(.text)
    __user_initial_stackheap                 0x080001b5   Thumb Code     0  startup_stm32f411xe.o(.text)
    __use_two_region_memory                  0x080001d9   Thumb Code     2  heapauxi.o(.text)
    __rt_heap_escrow$2region                 0x080001db   Thumb Code     2  heapauxi.o(.text)
    __rt_heap_expand$2region                 0x080001dd   Thumb Code     2  heapauxi.o(.text)
    SystemInit                               0x080001e1   Thumb Code    18  system_stm32f4xx.o(.text.SystemInit)
    __main                                   0x080001f5   Thumb Code     0  config.o(juve3dstudio)
    UART                                     0x080002c1   Thumb Code     0  1uart.o(juve3dstudio)
    calc                                     0x08000535   Thumb Code     0  2ieee.o(juve3dstudio)
    SEGUNDOVALOR                             0x08000577   Thumb Code     0  2ieee.o(juve3dstudio)
    OUT                                      0x080006c1   Thumb Code     0  4intgout.o(juve3dstudio)
    ALU                                      0x0800091d   Thumb Code     0  3alu.o(myCode)



==============================================================================

Memory Map of the image

  Image Entry point : 0x08000199

  Load Region LR_1 (Base: 0x08000000, Size: 0x00000b5c, Max: 0xffffffff, ABSOLUTE)

    Execution Region ER_RO (Exec base: 0x08000000, Load base: 0x08000000, Size: 0x00000b4c, Max: 0xffffffff, ABSOLUTE)

    Exec Addr    Load Addr    Size         Type   Attr      Idx    E Section Name        Object

    0x08000000   0x08000000   0x00000198   Data   RO           25    RESET               startup_stm32f411xe.o
    0x08000198   0x08000198   0x00000040   Code   RO           26  * .text               startup_stm32f411xe.o
    0x080001d8   0x080001d8   0x00000006   Code   RO           46    .text               c_w.l(heapauxi.o)
    0x080001de   0x080001de   0x00000002   PAD
    0x080001e0   0x080001e0   0x00000012   Code   RO           31    .text.SystemInit    system_stm32f4xx.o
    0x080001f2   0x080001f2   0x00000002   PAD
    0x080001f4   0x080001f4   0x000000cc   Code   RO            2  * juve3dstudio        config.o
    0x080002c0   0x080002c0   0x00000274   Code   RO            8    juve3dstudio        1uart.o
    0x08000534   0x08000534   0x0000018c   Code   RO           12    juve3dstudio        2ieee.o
    0x080006c0   0x080006c0   0x0000025c   Code   RO           20    juve3dstudio        4intgout.o
    0x0800091c   0x0800091c   0x00000230   Code   RO           16    myCode              3alu.o


    Execution Region ER_RW (Exec base: 0x20000000, Load base: 0x08000b4c, Size: 0x00000010, Max: 0xffffffff, ABSOLUTE)

    Exec Addr    Load Addr    Size         Type   Attr      Idx    E Section Name        Object

    0x20000000   0x08000b4c   0x00000010   Data   RW            7    myData              1uart.o


    Execution Region ER_ZI (Exec base: 0x20000010, Load base: 0x08000b5c, Size: 0x00000600, Max: 0xffffffff, ABSOLUTE)

    Exec Addr    Load Addr    Size         Type   Attr      Idx    E Section Name        Object

    0x20000010        -       0x00000200   Zero   RW           24    HEAP                startup_stm32f411xe.o
    0x20000210        -       0x00000400   Zero   RW           23    STACK               startup_stm32f411xe.o


==============================================================================

Image component sizes


      Code (inc. data)   RO Data    RW Data    ZI Data      Debug   Object Name

       628         46          0         16          0        440   1uart.o
       396         10          0          0          0        352   2ieee.o
       560         18          0          0          0        420   3alu.o
       604         16          0          0          0        424   4intgout.o
       204         48          0          0          0        336   config.o
        64         26        408          0       1536        896   startup_stm32f411xe.o
        18          0          0          0          0       2848   system_stm32f4xx.o

    ----------------------------------------------------------------------
      2476        164        408         16       1536       5716   Object Totals
         0          0          0          0          0          0   (incl. Generated)
         2          0          0          0          0          0   (incl. Padding)

    ----------------------------------------------------------------------

      Code (inc. data)   RO Data    RW Data    ZI Data      Debug   Library Member Name

         6          0          0          0          0        152   heapauxi.o

    ----------------------------------------------------------------------
         8          0          0          0          0        152   Library Totals
         2          0          0          0          0          0   (incl. Padding)

    ----------------------------------------------------------------------

      Code (inc. data)   RO Data    RW Data    ZI Data      Debug   Library Name

         6          0          0          0          0        152   c_w.l

    ----------------------------------------------------------------------
         8          0          0          0          0        152   Library Totals

    ----------------------------------------------------------------------

==============================================================================


      Code (inc. data)   RO Data    RW Data    ZI Data      Debug   

      2484        164        408         16       1536       5868   Grand Totals
      2484        164        408         16       1536       5868   ELF Image Totals
      2484        164        408         16          0          0   ROM Totals

==============================================================================

    Total RO  Size (Code + RO Data)                 2892 (   2.82kB)
    Total RW  Size (RW Data + ZI Data)              1552 (   1.52kB)
    Total ROM Size (Code + RO Data + RW Data)       2908 (   2.84kB)

==============================================================================

